[www.zuyyu.in/index.html]
[backblue.gif]
[fade.gif]
[index.html]
[www.zuyyu.in/static/website/img/favicon.png]
[www.zuyyu.in/static/website/css/style.css]
[www.zuyyu.in/static/website/css/main.css]
[www.zuyyu.in/static/website/img/logo.png]
[www.zuyyu.in/static/website/img/feature/digital-menu.png]
[www.zuyyu.in/restaurants/index.html]
[www.zuyyu.in/cinemas/index.html]
[www.zuyyu.in/cafe/index.html]
[www.zuyyu.in/hotels/index.html]
[www.zuyyu.in/static/website/img/feature/scan-order.png]
[www.zuyyu.in/bakery/index.html]
[www.zuyyu.in/bar/index.html]
[www.zuyyu.in/static/website/img/feature/pos.png]
[www.zuyyu.in/ice-cream-and-dessert-shop/index.html]
[www.zuyyu.in/fast-food/index.html]
[www.zuyyu.in/static/website/img/feature/takeaway.png]
[www.zuyyu.in/food-court-and-canteen/index.html]
[www.zuyyu.in/static/website/img/feature/waiters.png]
[www.zuyyu.in/self-service-restaurant/index.html]
[www.zuyyu.in/cloud-kitchen/index.html]
[www.zuyyu.in/pizza-shop/index.html]
[www.zuyyu.in/static/website/img/feature/inventory.png]
[www.zuyyu.in/corporates/index.html]
[www.zuyyu.in/about/index.html]
[www.zuyyu.in/static/website/img/feature/payment.png]
[www.zuyyu.in/contact/index.html]
[www.zuyyu.in/static/website/img/feature/turn-table-faster.png]
[www.zuyyu.in/blog/index.html]
[www.zuyyu.in/reseller/index.html]
[www.zuyyu.in/static/website/img/icons/restaurants.png]
[www.zuyyu.in/pricing/index.html]
[www.zuyyu.in/static/website/img/icons/hotels.png]
[www.zuyyu.in/book-demo/index.html]
[www.zuyyu.in/static/website/img/icons/corporates.png]
[www.zuyyu.in/static/website/img/icons/user.png]
[www.zuyyu.in/static/website/img/business-today.png]
[www.zuyyu.in/static/website/img/payment.png]
[www.zuyyu.in/static/website/img/icons/payment.png]
[www.zuyyu.in/index.html]
[www.zuyyu.in/privacy/index.html]
[www.zuyyu.in/terms/index.html]
[www.zuyyu.in/static/website/js/master-dist.js]
[www.zuyyu.in/static/website/css/bootstrap/bootstrap-grid.min.css]
[www.zuyyu.in/cookie/index.html]
[www.zuyyu.in/static/website/css/bootstrap/bootstrap-reboot.min.css]
[www.zuyyu.in/refund/index.html]
[www.zuyyu.in/support-policy/index.html]
[www.zuyyu.in/static/website/fonts/feather.eot]
[www.zuyyu.in/static/website/fonts/feather.woff]
[www.zuyyu.in/static/website/fonts/feather.ttf]
[www.zuyyu.in/static/website/fonts/feather.svg]
[www.zuyyu.in/static/website/fonts/fa-brands-400.eot]
[www.zuyyu.in/static/website/fonts/fa-brands-400d41dd41d.eot]
[www.zuyyu.in/static/website/fonts/fa-brands-400.woff2]
[www.zuyyu.in/static/website/fonts/fa-brands-400.woff]
[www.zuyyu.in/static/website/fonts/fa-brands-400.ttf]
[www.zuyyu.in/static/website/fonts/fa-brands-400.svg]
[www.zuyyu.in/static/website/fonts/fa-regular-400.eot]
[www.zuyyu.in/static/website/fonts/fa-regular-400d41dd41d.eot]
[www.zuyyu.in/static/website/fonts/fa-regular-400.woff2]
[www.zuyyu.in/static/website/fonts/fa-regular-400.woff]
[www.zuyyu.in/static/website/fonts/fa-regular-400.ttf]
[www.zuyyu.in/static/website/fonts/fa-regular-400.svg]
[www.zuyyu.in/static/website/fonts/fa-solid-900.eot]
[www.zuyyu.in/static/website/fonts/fa-solid-900d41dd41d.eot]
[www.zuyyu.in/static/website/fonts/fa-solid-900.woff2]
[www.zuyyu.in/static/website/fonts/fa-solid-900.woff]
[www.zuyyu.in/static/website/fonts/fa-solid-900.ttf]
[www.zuyyu.in/static/website/fonts/fa-solid-900.svg]
[www.zuyyu.in/static/website/fonts/ionicons790f790f.eot]
[www.zuyyu.in/static/website/fonts/ionicons790f790f.ttf]
[www.zuyyu.in/static/website/fonts/ionicons790f790f.woff]
[www.zuyyu.in/static/website/fonts/ionicons790f790f.svg]
[www.zuyyu.in/static/website/css/owl.video.play.html]
[www.zuyyu.in/static/website/css/style.css]
[www.zuyyu.in/static/website/css/main.css]
[www.googletagmanager.com/gtm5445.html]
[www.zuyyu.in/static/website/img/icons/qr-code.png]
[www.zuyyu.in/qr-code-menu/index4555.html]
[www.zuyyu.in/static/website/img/icons/support.png]
[www.zuyyu.in/pricing/form/index4555.html]
[www.zuyyu.in/pricing/form/indexf1fa.html]
[www.zuyyu.in/static/website/img/icons/training.png]
[www.zuyyu.in/restaurants/index.html]
[www.zuyyu.in/pricing/form/indexc3fd.html]
[www.zuyyu.in/static/website/img/hotel.jpg]
[www.zuyyu.in/static/website/img/feature/room-service.png]
[www.zuyyu.in/static/website/img/works/scan.png]
[www.zuyyu.in/static/website/img/works/order.png]
[www.zuyyu.in/static/website/img/works/process.png]
[www.zuyyu.in/static/website/img/works/delivery.png]
[www.zuyyu.in/static/website/img/icons/onboarding.png]
[www.zuyyu.in/hotels/index.html]
[www.zuyyu.in/static/website/img/cinema.jpg]
[www.zuyyu.in/cinemas/index.html]
[www.zuyyu.in/static/website/img/cafe.jpg]
[www.zuyyu.in/cafe/index.html]
[www.zuyyu.in/static/website/img/bakery.jpg]
[www.zuyyu.in/bakery/index.html]
[www.zuyyu.in/static/website/img/bar.jpg]
[www.zuyyu.in/bar/index.html]
[www.zuyyu.in/static/website/img/ice-cream.jpg]
[www.zuyyu.in/ice-cream-and-dessert-shop/index.html]
[www.zuyyu.in/static/website/img/fast-food.jpg]
[www.zuyyu.in/fast-food/index.html]
[www.zuyyu.in/static/website/img/food-court-canteen.jpg]
[www.zuyyu.in/food-court-and-canteen/index.html]
[www.zuyyu.in/static/website/img/self-service-restaurant.jpg]
[www.zuyyu.in/self-service-restaurant/index.html]
[www.zuyyu.in/static/website/img/cloud-kitchen.jpg]
[www.zuyyu.in/cloud-kitchen/index.html]
[www.zuyyu.in/static/website/img/pizza-shop.jpg]
[www.zuyyu.in/pizza-shop/index.html]
[www.zuyyu.in/static/website/img/corporate.jpg]
[www.zuyyu.in/corporates/index.html]
[www.zuyyu.in/static/website/img/about_banner.png]
[www.zuyyu.in/static/website/img/our-vision.png]
[www.zuyyu.in/about/index.html]
[www.google.com/recaptcha/api33a6.js]
[www.zuyyu.in/contact/index.html]
[www.zuyyu.in/media/blog/3-3d886f0f3f374de09a875ec25804b1bd.png]
[www.zuyyu.in/blog/post.html]
[www.zuyyu.in/blog/how-digital-menus-save-restaurants-from-extra-cost.html]
[www.zuyyu.in/media/blog/1-dad86146d3ec462987982a990f3bd6a3.png]
[www.zuyyu.in/blog/index.html]
[www.zuyyu.in/blog/how-businesses-can-benefit-qr-based-systems.html]
[www.zuyyu.in/static/website/img/reseller_banner.jpg]
[www.zuyyu.in/static/website/img/reseller.png]
[www.zuyyu.in/reseller/index.html]
[www.zuyyu.in/pricing/index.html]
[www.zuyyu.in/book-demo/index.html]
[www.zuyyu.in/privacy/index.html]
[www.zuyyu.in/terms/index.html]
[www.zuyyu.in/cookie/index.html]
[www.zuyyu.in/refund/index.html]
[www.zuyyu.in/support-policy/index.html]
[www.zuyyu.in/static/website/css/bootstrap/bootstrap-grid.min.css]
[www.zuyyu.in/static/website/css/bootstrap/bootstrap-reboot.min.css]
[www.zuyyu.in/static/website/fonts/feather.svg]
[www.zuyyu.in/static/website/fonts/fa-brands-400.svg]
[www.zuyyu.in/static/website/fonts/fa-regular-400.svg]
[www.zuyyu.in/static/website/fonts/fa-solid-900.svg]
[www.zuyyu.in/static/website/fonts/ionicons790f790f.svg]
[www.zuyyu.in/static/website/css/owl.video.play.html]
[www.zuyyu.in/qr-code-menu/index4555.html]
[www.zuyyu.in/pricing/form/index4555.html]
[www.zuyyu.in/pricing/form/indexf1fa.html]
[www.zuyyu.in/pricing/form/indexc3fd.html]
[www.zuyyu.in/blog/post.html]
[www.zuyyu.in/blog/how-digital-menus-save-restaurants-from-extra-cost.html]
[www.zuyyu.in/blog/how-businesses-can-benefit-qr-based-systems.html]
